ImageMagick
albert
alsa-lib-devel
anaconda
anaconda-install-env-deps
anaconda-live
ardour6
ardour6-backend-jack
at-spi2-atk
at-spi2-core
atk
aubio-lib
bat
bluez-libs
cargo
chkconfig
clang
clang-tools-extra
cmake
code
colord-libs
compat-lua-libs
copyq
dconf
device-mapper-multipath
distribution-gpg-keys
docker-compose
dracut-live
elixir
exa
expat
fdk-aac-free
fedora-workstation-repositories
fftw-libs-single
fish
fontconfig
gamemode
gdk-pixbuf2-modules
git-credential-libsecret
glibc-headers-x86
gnome-dictionary
gnome-shell-extension-gamemode
gnome-tour
gnome-tweaks
goldendict
google-droid-sans-mono-fonts
google-noto-sans-fonts
gparted
gperftools-libs
grub2-pc-modules
gstreamer1
gstreamer1-plugin-openh264
gstreamer1-plugins-base
gstreamer1-plugins-good
gstreamer1-plugins-good-gtk
gstreamer1-plugins-good-qt
gtk2
gtk3
gtkmm24
haxe
haxe-stdlib
inih
initscripts
json-glib
jxl-pixbuf-loader
kernel-modules-extra
kitty
ladspa
langpacks-en
libX11-devel
libXScrnSaver
libXcursor-devel
libXi-devel
libXinerama-devel
libXrandr-devel
libatomic
libcanberra
libcanberra-gtk2
libcanberra-gtk3
libcerf
libcerf-devel
libcloudproviders
libdbusmenu
libdbusmenu-gtk3
libdecor
libdrm
libdrm-devel
libedit
libepoxy
libgusb
libidn2
libjxl
libldac
liblo
liblrdf
libltc
libmanette
libmbim
libmbim-utils
libnsl
libpcap
libpng12
libqmi
libqmi-utils
libreoffice-gtk3
libsbc
libsodium
libsss_autofs
libsss_sudo
libtdb
libvdpau
libxcrypt-compat
libxkbcommon
llvm11-libs
mbedtls
mdevctl
mesa-libGL-devel
mpv
mpv-libs
ncurses-devel
nekovm
nettle
nspr
nss
nss-softokn
nss-softokn-freebl
nss-sysinit
nss-util
ntfs-3g-libs
okular
openssl
pango
pipewire
pipewire-alsa
pipewire-libs
podman-docker
podman-gvproxy
python3-attrs
python3-bcrypt
python3-cached_property
python3-certifi
python3-click
python3-docker
python3-docker+ssh
python3-docker-pycreds
python3-dockerpty
python3-docopt
python3-dotenv
python3-dotenv+cli
python3-jsonschema
python3-packaging
python3-paramiko
python3-pyasn1
python3-pynacl
python3-pyparsing
python3-pyrsistent
python3-pyyaml
python3-simpleaudio
python3-texttable
python3-websocket-client
qemu-audio-alsa
qemu-audio-oss
qemu-audio-pa
qemu-audio-sdl
qemu-audio-spice
qemu-block-curl
qemu-block-dmg
qemu-block-gluster
qemu-block-iscsi
qemu-block-nfs
qemu-block-rbd
qemu-block-ssh
qemu-char-baum
qemu-char-spice
qemu-common
qemu-device-display-qxl
qemu-device-display-virtio-gpu
qemu-device-display-virtio-gpu-pci
qemu-device-display-virtio-vga
qemu-device-usb-redirect
qemu-device-usb-smartcard
qemu-system-x86
qemu-system-x86-core
qemu-ui-curses
qemu-ui-egl-headless
qemu-ui-gtk
qemu-ui-opengl
qemu-ui-sdl
qemu-ui-spice-app
qemu-ui-spice-core
qt5-qtlocation
qt5-qtsensors
qt5-qtwebchannel
qt5-qtwebengine
qt5-qtwebkit
re2
rest
rpmfusion-free-release
rpmfusion-nonfree-release
rubberband
rust
rust-std-static
seahorse
signon-ui
sox
sssd-client
sssd-nfs-idmap
stack
suil
swtpm
totem-video-thumbnailer
units
vamp-plugin-sdk
vim-common
vim-enhanced
wine-alsa
wine-arial-fonts
wine-capi
wine-cms
wine-common
wine-core
wine-courier-fonts
wine-desktop
wine-filesystem
wine-fixedsys-fonts
wine-fonts
wine-ldap
wine-marlett-fonts
wine-ms-sans-serif-fonts
wine-openal
wine-opencl
wine-pulseaudio
wine-small-fonts
wine-symbol-fonts
wine-system-fonts
wine-systemd
wine-tahoma-fonts
wine-times-new-roman-fonts
wine-twain
wine-webdings-fonts
wine-wingdings-fonts
