alsa-lib-devel
anaconda
anaconda-install-env-deps
anaconda-live
ardour6
ardour6-backend-jack
at-spi2-atk
at-spi2-core
atk
aubio-lib
bat
bluez-libs
cargo
chkconfig
clang
clang-tools-extra
cmake
colord-libs
dconf
distribution-gpg-keys
docker-compose
dracut-live
elixir
exa
fdk-aac-free
fedora-workstation-repositories
fftw-libs-single
fish
gamemode
gdk-pixbuf2-modules
git-credential-libsecret
gnome-shell-extension-gamemode
gnome-tweaks
google-droid-sans-mono-fonts
google-noto-sans-fonts
gparted
gstreamer1-plugin-openh264
gtk2
gtk3
gtkmm24
inih
initscripts
joplin
json-glib
kernel-modules-extra
kitty
ladspa
langpacks-en
libX11-devel
libXScrnSaver
libXcursor-devel
libXi-devel
libXinerama-devel
libXrandr-devel
libatomic
libcanberra
libcanberra-gtk2
libcanberra-gtk3
libcerf
libcerf-devel
libcloudproviders
libdbusmenu
libdbusmenu-gtk3
libepoxy
libgusb
libldac
liblo
liblrdf
libltc
libnsl
libpng12
libsbc
libsodium
libtdb
libvdpau
libxcrypt-compat
libxkbcommon
llvm11-libs
mesa-libGL-devel
mpv
mpv-libs
nspr
nss
nss-softokn
nss-softokn-freebl
nss-util
okular
openssl
pipewire
pipewire-alsa
pipewire-libs
podman-docker
python3-attrs
python3-bcrypt
python3-cached_property
python3-certifi
python3-click
python3-docker
python3-docker+ssh
python3-docker-pycreds
python3-dockerpty
python3-docopt
python3-dotenv
python3-dotenv+cli
python3-jsonschema
python3-paramiko
python3-pyasn1
python3-pynacl
python3-pyrsistent
python3-pyyaml
python3-texttable
python3-websocket-client
rest
rpmfusion-free-release
rpmfusion-nonfree-release
rubberband
rust
rust-std-static
seahorse
steam
suil
vamp-plugin-sdk
vim-enhanced
wine
