ImageMagick
NetworkManager-initscripts-ifcfg-rh
NetworkManager-initscripts-updown
NetworkManager-tui
SDL2-devel
SDL2_image
SFML
SFML-devel
abrt-tui
alsa-lib-devel
anaconda
anaconda-install-env-deps
anaconda-live
annobin-docs
annobin-plugin-gcc
ardour6
atk
aubio-lib
bat
bluez-libs
brightnessctl
cargo
chkconfig
chrome-gnome-shell
clang
clang-tools-extra
clang13-libs
clang13-resource-filesystem
cmake
code
colord-gtk4
colord-libs
compat-lua-libs
copyq
device-mapper-multipath
distribution-gpg-keys
docker-compose
dracut-live
elixir
emacs
exa
expat
f35-backgrounds-base
f35-backgrounds-gnome
f35-backgrounds-kde
f36-backgrounds-base
f36-backgrounds-gnome
fcft
fcoe-utils
fdk-aac-free
fedora-flathub-remote
fedora-third-party
fedora-workstation-repositories
ffmpeg
fftw-libs-single
firefox
fish
fontconfig
foot
foot-terminfo
fuse-sshfs
fwupd-efi
fzf
gamemode
gcc-plugin-annobin
gdbm-libs
gdk-pixbuf2-modules
ghc-Cabal
ghc-array
ghc-base
ghc-base-devel
ghc-binary
ghc-bytestring
ghc-compiler
ghc-containers
ghc-deepseq
ghc-directory
ghc-exceptions
ghc-filepath
ghc-filesystem
ghc-ghc
ghc-ghc-boot
ghc-ghc-boot-th
ghc-ghc-heap
ghc-ghci
ghc-haskeline
ghc-hpc
ghc-libiserv
ghc-mtl
ghc-parsec
ghc-pretty
ghc-process
ghc-stm
ghc-template-haskell
ghc-terminfo
ghc-text
ghc-time
ghc-transformers
ghc-unix
ghc-xhtml
git-credential-libsecret
glibc-gconv-extra
glibc-headers-x86
gnome-desktop4
gnome-dictionary
gnome-extensions-app
gnome-shell-extension-gamemode
gnome-tour
gnome-tweaks
gnome-weather
gnuplot
golang
goldendict
google-droid-sans-mono-fonts
google-noto-sans-fonts
google-noto-sans-mono-vf-fonts
google-noto-sans-vf-fonts
google-noto-serif-vf-fonts
gparted
gperftools-libs
grub2-pc-modules
gstreamer1
gstreamer1-plugin-openh264
gstreamer1-plugins-base
gstreamer1-plugins-good
gstreamer1-plugins-good-gtk
gstreamer1-plugins-good-qt
gtk2
gtk3
gtkmm24
gtksourceview5
gvncpulse
haxe
haxe-stdlib
imath
inih
initscripts
initscripts-rename-device
initscripts-service
iwlax2xx-firmware
java-17-openjdk-headless
json-glib
jxl-pixbuf-loader
kaccounts-providers
kakoune
kde-connect
kde-connect-libs
kdeconnectd
kernel-modules-extra
kio-gdrive
kitty
ktp-accounts-kcm
ladspa
langpacks-en
lavalauncher
libX11-devel
libXScrnSaver
libXcursor-devel
libXi-devel
libXinerama-devel
libXrandr-devel
libadwaita
libappindicator
libatomic
libblockdev-lvm-dbus
libbpf
libcanberra
libcanberra-gtk2
libcap-ng-python3
libcerf
libcerf-devel
libcloudproviders
libconfig
libdbusmenu
libdbusmenu-gtk3
libdecor
libdrm
libdrm-devel
libedit
libepoxy
libfakekey
libffi-devel
libffi3.1
libfsverity
libgusb
libgweather4
libidn2
libjxl
libldac
liblo
liblrdf
libltc
libmanette
libmbim
libmbim-utils
libnma-gtk4
libnsl
libpcap
libpng-devel
libpng12
libportal
libqmi
libqmi-utils
libreoffice-gtk3
libreoffice-kf5
libsbc
libsodium
libsoup3
libsss_autofs
libsss_sudo
libstemmer
libtdb
libtracker-sparql
libusb
libusb1
libuv-devel
libvdpau
libvorbis-devel
libxcrypt-compat
libxcvt
libxkbcommon
lilv-libs
lldpad
llvm
llvm11-libs
llvm12-libs
llvm13-libs
lvm2-dbusd
malcontent
malcontent-control
malcontent-libs
malcontent-ui-libs
mbedtls
mbedtls-devel
mc
mdevctl
mesa-libGL-devel
mesa-libGLU-devel
mozjs91
mpdecimal
mpv
mpv-libs
ncurses-devel
nekovm
nettle
nnn
nspr
nss
nss-softokn
nss-softokn-freebl
nss-sysinit
nss-util
ntfs-3g-libs
okular
openal-soft-devel
openldap-compat
openssl
openssl1.1
package-notes-srpm-macros
pam-libs
pango
pass
pavucontrol
pipewire
pipewire-alsa
pipewire-libs
pl
plasma-browser-integration
podman-docker
podman-gvproxy
pulseaudio-qt
pulseaudio-utils
python3-attrs
python3-bcrypt
python3-cached_property
python3-certifi
python3-charset-normalizer
python3-click
python3-docker
python3-docker+ssh
python3-docker-pycreds
python3-dockerpty
python3-docopt
python3-dotenv
python3-dotenv+cli
python3-fb-re2
python3-gobject-base-noarch
python3-jsonschema
python3-packaging
python3-paramiko
python3-pyasn1
python3-pynacl
python3-pyparsing
python3-pyrsistent
python3-pyyaml
python3-regex
python3-simpleaudio
python3-texttable
python3-tkinter
python3-websocket-client
qemu-audio-alsa
qemu-audio-jack
qemu-audio-oss
qemu-audio-pa
qemu-audio-sdl
qemu-audio-spice
qemu-block-curl
qemu-block-dmg
qemu-block-gluster
qemu-block-iscsi
qemu-block-nfs
qemu-block-rbd
qemu-block-ssh
qemu-char-baum
qemu-char-spice
qemu-common
qemu-device-display-qxl
qemu-device-display-vhost-user-gpu
qemu-device-display-virtio-gpu
qemu-device-display-virtio-gpu-gl
qemu-device-display-virtio-gpu-pci
qemu-device-display-virtio-gpu-pci-gl
qemu-device-display-virtio-vga
qemu-device-display-virtio-vga-gl
qemu-device-usb-host
qemu-device-usb-redirect
qemu-device-usb-smartcard
qemu-pr-helper
qemu-system-x86
qemu-system-x86-core
qemu-ui-curses
qemu-ui-egl-headless
qemu-ui-gtk
qemu-ui-opengl
qemu-ui-sdl
qemu-ui-spice-app
qemu-ui-spice-core
qemu-virtiofsd
qt5-qtlocation
qt5-qtsensors
qt5-qtwebchannel
qt5-qtwebengine
qt5-qtwebengine-devel
qt5-qtwebkit
qtkeychain-qt5
qwt-qt5-devel
racket
re2
readline-devel
rest
rit-meera-new-fonts
rpmfusion-free-release
rpmfusion-nonfree-release
rsyslog-logrotate
rubberband
rust
rust-std-static
seahorse
shadow-utils-subid
signon-ui
sox
sqlite-devel
sssd-client
sssd-nfs-idmap
stack
steam
suil
sway
swtpm
systemd-devel
systemd-oomd-defaults
systemd-resolved
tealdeer
texinfo
tk-devel
totem-video-thumbnailer
tree-sitter-cli
turbojpeg-devel
units
util-linux-core
vamp-plugin-sdk
vim-common
vim-enhanced
waybar
wine-arial-fonts
wine-courier-fonts
wine-filesystem
wine-fixedsys-fonts
wine-fonts
wine-marlett-fonts
wine-ms-sans-serif-fonts
wine-small-fonts
wine-symbol-fonts
wine-system-fonts
wine-systemd
wine-tahoma-fonts
wine-times-new-roman-fonts
wine-webdings-fonts
wine-wingdings-fonts
wireplumber
wireplumber-libs
wl-clipboard
wob
wofi
xdg-desktop-portal-gnome
xisxwayland
zstd
